AutoDock Vina v1.2.5
#################################################################
# If you used AutoDock Vina in your work, please cite:          #
#                                                               #
# J. Eberhardt, D. Santos-Martins, A. F. Tillack, and S. Forli  #
# AutoDock Vina 1.2.0: New Docking Methods, Expanded Force      #
# Field, and Python Bindings, J. Chem. Inf. Model. (2021)       #
# DOI 10.1021/acs.jcim.1c00203                                  #
#                                                               #
# O. Trott, A. J. Olson,                                        #
# AutoDock Vina: improving the speed and accuracy of docking    #
# with a new scoring function, efficient optimization and       #
# multithreading, J. Comp. Chem. (2010)                         #
# DOI 10.1002/jcc.21334                                         #
#                                                               #
# Please see https://github.com/ccsb-scripps/AutoDock-Vina for  #
# more information.                                             #
#################################################################

Scoring function : vina
Rigid receptor: data\processed\receptors\1M17_prepared.pdbqt
Ligand: data\processed\ligands\gefitinib.pdbqt
Grid center: X 23.57 Y 9.772 Z 59.367
Grid size  : X 22 Y 22 Z 22
Grid space : 0.375
Exhaustiveness: 16
CPU: 0
Verbosity: 1

Computing Vina grid ... done.
Performing docking (random seed: 2) ... 
0%   10   20   30   40   50   60   70   80   90   100%
|----|----|----|----|----|----|----|----|----|----|
***************************************************

mode |   affinity | dist from best mode
     | (kcal/mol) | rmsd l.b.| rmsd u.b.
-----+------------+----------+----------
   1       -8.508          0          0
   2       -8.247      3.655      7.983
   3       -8.193      3.127      5.269
   4       -8.177      3.421      5.553
   5       -8.118      3.874      8.883
   6       -7.961      2.681      6.107
   7       -7.938      2.967      3.889
   8       -7.899      3.793      7.534
   9        -4.57      2.634      3.724
