AutoDock Vina v1.2.5
#################################################################
# If you used AutoDock Vina in your work, please cite:          #
#                                                               #
# J. Eberhardt, D. Santos-Martins, A. F. Tillack, and S. Forli  #
# AutoDock Vina 1.2.0: New Docking Methods, Expanded Force      #
# Field, and Python Bindings, J. Chem. Inf. Model. (2021)       #
# DOI 10.1021/acs.jcim.1c00203                                  #
#                                                               #
# O. Trott, A. J. Olson,                                        #
# AutoDock Vina: improving the speed and accuracy of docking    #
# with a new scoring function, efficient optimization and       #
# multithreading, J. Comp. Chem. (2010)                         #
# DOI 10.1002/jcc.21334                                         #
#                                                               #
# Please see https://github.com/ccsb-scripps/AutoDock-Vina for  #
# more information.                                             #
#################################################################

Scoring function : vina
Rigid receptor: data\processed\receptors\2JIT_prepared.pdbqt
Ligand: data\processed\ligands\osimertinib.pdbqt
Grid center: X -12.458 Y 29.144 Z 36.837
Grid size  : X 22 Y 22 Z 22
Grid space : 0.375
Exhaustiveness: 16
CPU: 0
Verbosity: 1

Computing Vina grid ... done.
Performing docking (random seed: 15) ... 
0%   10   20   30   40   50   60   70   80   90   100%
|----|----|----|----|----|----|----|----|----|----|
***************************************************

mode |   affinity | dist from best mode
     | (kcal/mol) | rmsd l.b.| rmsd u.b.
-----+------------+----------+----------
   1       -8.313          0          0
   2       -8.053      2.074       3.94
   3       -7.994      2.154       9.69
   4       -7.948      1.984      9.463
   5       -7.933      1.857      9.202
   6       -7.842      2.206      4.324
   7       -7.679      2.507      4.862
   8       -7.668       2.09       4.33
   9       -7.598      3.067      6.072
